On branch main
Your branch is up to date with 'origin/main'.

Untracked files:
  (use "git add <file>..." to include in what will be committed)
	deploy.log

nothing added to commit but untracked files present (use "git add" to track)
Everything up-to-date
2026-08-19 13:30:02 pushed
On branch main
Your branch is up to date with 'origin/main'.

nothing to commit, working tree clean
Everything up-to-date
2026-08-19 14:00:01 pushed
On branch main
Your branch is up to date with 'origin/main'.

Changes not staged for commit:
  (use "git add <file>..." to update what will be committed)
  (use "git restore <file>..." to discard changes in working directory)
	modified:   deploy.log

no changes added to commit (use "git add" and/or "git commit -a")
Everything up-to-date
2026-08-19 14:30:01 pushed
On branch main
Your branch is up to date with 'origin/main'.

Changes not staged for commit:
  (use "git add <file>..." to update what will be committed)
  (use "git restore <file>..." to discard changes in working directory)
	modified:   deploy.log

no changes added to commit (use "git add" and/or "git commit -a")
Everything up-to-date
2026-08-19 15:00:01 pushed
On branch main
Your branch is up to date with 'origin/main'.

Changes not staged for commit:
  (use "git add <file>..." to update what will be committed)
  (use "git restore <file>..." to discard changes in working directory)
	modified:   deploy.log

no changes added to commit (use "git add" and/or "git commit -a")
Everything up-to-date
2026-08-19 15:30:01 pushed
On branch main
Your branch is up to date with 'origin/main'.

Changes not staged for commit:
  (use "git add <file>..." to update what will be committed)
  (use "git restore <file>..." to discard changes in working directory)
	modified:   deploy.log

no changes added to commit (use "git add" and/or "git commit -a")
Everything up-to-date
2026-08-19 16:00:02 pushed
On branch main
Your branch is up to date with 'origin/main'.

Changes not staged for commit:
  (use "git add <file>..." to update what will be committed)
  (use "git restore <file>..." to discard changes in working directory)
	modified:   deploy.log

no changes added to commit (use "git add" and/or "git commit -a")
Everything up-to-date
2026-08-19 16:30:01 pushed
On branch main
Your branch is up to date with 'origin/main'.

Changes not staged for commit:
  (use "git add <file>..." to update what will be committed)
  (use "git restore <file>..." to discard changes in working directory)
	modified:   deploy.log

no changes added to commit (use "git add" and/or "git commit -a")
Everything up-to-date
2026-08-19 17:00:01 pushed
On branch main
Your branch is up to date with 'origin/main'.

nothing to commit, working tree clean
Everything up-to-date
2026-08-19 17:30:01 pushed
On branch main
Your branch is up to date with 'origin/main'.

Changes not staged for commit:
  (use "git add <file>..." to update what will be committed)
  (use "git restore <file>..." to discard changes in working directory)
	modified:   deploy.log

no changes added to commit (use "git add" and/or "git commit -a")
Everything up-to-date
2026-08-19 18:00:01 pushed
On branch main
Your branch is up to date with 'origin/main'.

Changes not staged for commit:
  (use "git add <file>..." to update what will be committed)
  (use "git restore <file>..." to discard changes in working directory)
	modified:   deploy.log

no changes added to commit (use "git add" and/or "git commit -a")
Everything up-to-date
2026-08-19 18:30:02 pushed
On branch main
Your branch is up to date with 'origin/main'.

Changes not staged for commit:
  (use "git add <file>..." to update what will be committed)
  (use "git restore <file>..." to discard changes in working directory)
	modified:   deploy.log

no changes added to commit (use "git add" and/or "git commit -a")
Everything up-to-date
2026-08-19 19:00:02 pushed
On branch main
Your branch is up to date with 'origin/main'.

Changes not staged for commit:
  (use "git add <file>..." to update what will be committed)
  (use "git restore <file>..." to discard changes in working directory)
	modified:   deploy.log

no changes added to commit (use "git add" and/or "git commit -a")
Everything up-to-date
2026-08-19 19:30:01 pushed
On branch main
Your branch is up to date with 'origin/main'.

Changes not staged for commit:
  (use "git add <file>..." to update what will be committed)
  (use "git restore <file>..." to discard changes in working directory)
	modified:   deploy.log

no changes added to commit (use "git add" and/or "git commit -a")
Everything up-to-date
2026-08-19 20:00:01 pushed
On branch main
Your branch is up to date with 'origin/main'.

Changes not staged for commit:
  (use "git add <file>..." to update what will be committed)
  (use "git restore <file>..." to discard changes in working directory)
	modified:   deploy.log

no changes added to commit (use "git add" and/or "git commit -a")
Everything up-to-date
2026-08-19 20:30:01 pushed
On branch main
Your branch is up to date with 'origin/main'.

Changes not staged for commit:
  (use "git add <file>..." to update what will be committed)
  (use "git restore <file>..." to discard changes in working directory)
	modified:   deploy.log

no changes added to commit (use "git add" and/or "git commit -a")
Everything up-to-date
2026-08-19 21:00:01 pushed
On branch main
Your branch is up to date with 'origin/main'.

Changes not staged for commit:
  (use "git add <file>..." to update what will be committed)
  (use "git restore <file>..." to discard changes in working directory)
	modified:   deploy.log

no changes added to commit (use "git add" and/or "git commit -a")
Everything up-to-date
2026-08-19 21:30:01 pushed
On branch main
Your branch is up to date with 'origin/main'.

Changes not staged for commit:
  (use "git add <file>..." to update what will be committed)
  (use "git restore <file>..." to discard changes in working directory)
	modified:   deploy.log

no changes added to commit (use "git add" and/or "git commit -a")
Everything up-to-date
2026-08-19 22:00:01 pushed
On branch main
Your branch is up to date with 'origin/main'.

Changes not staged for commit:
  (use "git add <file>..." to update what will be committed)
  (use "git restore <file>..." to discard changes in working directory)
	modified:   deploy.log

no changes added to commit (use "git add" and/or "git commit -a")
Everything up-to-date
2026-08-19 22:30:01 pushed
On branch main
Your branch is up to date with 'origin/main'.

Changes not staged for commit:
  (use "git add <file>..." to update what will be committed)
  (use "git restore <file>..." to discard changes in working directory)
	modified:   deploy.log

no changes added to commit (use "git add" and/or "git commit -a")
Everything up-to-date
2026-08-19 23:00:01 pushed
